~
_
.0
%00
%01
.1
.2
%20-%20Copy.
%20%28copy%29.
%20copy.
%23
a2e2gp2r2/x.jsp
access_log
actions
~adm
~admin
AdminCaptureRootCA
AdminClients
AdminConnections
admin.dat
AdminEvents
~administrator
administrators.pwd
AdminJDBC
AdminLicense
admin/login.do
AdminMain
admin.mdb
AdminProps
AdminRealm
AdminThreads
AdminVersion
~anonymous
~apache
apache/logs/access_log
apache/logs/access.log 
apache/logs/error_log
apache/logs/error.log 
applet
application/configs/application.ini
applications
.arc
archi~1/
Archi~1/
aspnet_files/
authenticatedy
auth_user_file
autoexec.bat
awstats
.bac
.back
~backup
~backup.
-backup
-backup.
.~backup
.~backup.
.-backup
.-backup.
_bak
-bak
.bak
.bak.sql
.bak.sql.bz2
.bak.sql.gz
.bak.sql.tar.gz
.bakup
.bck
beanManaged
bea_wls_internal
bea_wls_internal/a2e2gp2r2/x.jsp
bea_wls_internal/classes/
bea_wls_internal/getior
bea_wls_internal/HTTPClntRecv
bea_wls_internal/HTTPClntSend
bea_wls_internal/iiop/ClientClose
bea_wls_internal/iiop/ClientLogin
bea_wls_internal/iiop/ClientRecv
bea_wls_internal/iiop/ClientSend
bea_wls_internal/psquare/x.jsp
bea_wls_internal/WebServiceServlet
bea_wls_internal/WLDummyInitJVMIDs
~bin
bin/
bins/
BizTalkServer
.bk
-bkp.
.bkp
boot.iniv
Bootstrap
.bzr
ccbill.log
certificate
Certificate
cfappman/index.cfm
cfdocs/cfmlsyntaxcheck.cfm
cfdocs/exampleapp/docs/sourcewindow.cfm
cfdocs/exampleapp/email/application.cfm
cfdocs/exampleapp/email/getfile.cfm?filename=c:\boot.ini
cfdocs/exampleapp/publish/admin/addcontent.cfm
cfdocs/exampleapp/publish/admin/application.cfm
cfdocs/examples/cvbeans/beaninfo.cfm
cfdocs/examples/parks/detail.cfm
cfdocs/expeval/displayopenedfile.cfm
cfdocs/expeval/eval.cfm
cfdocs/expeval/exprcalc.cfm
cfdocs/expeval/openfile.cfm
cfdocs/expeval/sendmail.cfm
cfdocs/expressions.cfm
cfdocs/MOLE.CFM
cfdocs/root.cfm
cfdocs/snippets/evaluate.cfm
cfdocs/snippets/fileexists.cfm
cfdocs/snippets/gettempdirectory.cfm
cfdocs/snippets/viewexample.cfm
cfdocs/TOXIC.CFM
cfdocs/zero.cfm
cfusion/cfapps/forums/data/forums.mdb
cfusion/cfapps/forums/forums_.mdb
cfusion/cfapps/security/data/realm.mdb
cfusion/cfapps/security/realm_.mdb
cfusion/database/cfexamples.mdb
cfusion/database/cfsnippets.mdb
cfusion/database/cypress.mdb
cfusion/database/smpolicy.mdb
cgi
cgi-bin
cgi-bin/a1stats/a1disp.cgi
cgi-bin/htimage.exe?2,2
cgi-bin/htmlscript
cgi-bin/imagemap.exe?2,2
cgi-pub
cgi-script
checkapache.html
classes
classes/
Classpath/
com
common
composer.lock
.conf
conf/
config
config.dat
config.php
conf/server.xml/
connect.inc
console
ConsoleHelp
ConsoleHelp/
cookies
.copy
Copy_
.cs
.csproj
culeadora.txt
CVS
.cvsignore
~daemon
~data
~database
database.txt
data.txt
~db
dbadmin
db/main.mdb
default
.default
DefaultWebApp
~dmr1
docs51
domain
drp-exports
drp-publish
.DS_Store
dummy
DWREasyAjax/dwr/index.html
dwr/engine.js
dwr/index.html
e2ePortalProject/Login.portal
.edu.my
ejb
ejbSimpappServlet
error
error_log
etc/passwd
eudora.ini
examples
examples/jsp/index.html
examples/jsp/snp/snoop.jsp
examples/jsp/source.jsp
examples/servlet/default/jsp/snp/snoop.jsp
examples/servlet/default/jsp/source.jsp
examples/servlet/HelloWorldExample
examples/servlet/org.apache.catalina.INVOKER.HelloWorldExample
examples/servlet/org.apache.catalina.INVOKER.SnoopServlet
examples/servlet/org.apache.catalina.INVOKER.TroubleShooter
examples/servlet/org.apache.catalina.servlets.DefaultServlet/jsp/snp/snoop.jsp
examples/servlet/org.apache.catalina.servlets.DefaultServlet/jsp/source.jsp
examples/servlet/org.apache.catalina.servlets.WebdavServlet/jsp/snp/snoop.jsp
examples/servlet/org.apache.catalina.servlets.WebdavServlet/jsp/source.jsp
examples/servlets/index.html
examples/servlet/snoop
examples/servlet/SnoopServlet
examples/servlet/TroubleShooter
examplesWebApp/EJBeanManagedClient.jsp
examplesWebApp/index.jsp
examplesWebApp/InteractiveQuery.jsp
examplesWebApp/OrderParser.jsp?xmlfile=C:/bea/weblogic81/samples/server/examples/src
examplesWebApp/SessionServlet
examplesWebApp/WebservicesEJB.jsp
.ext~ 
.ext.swp
fault
file
file/
fileRealm
fileRealm.properties
.file.zip
file.zip
~firewall
flashFXP.ini
~ftp
~fw
~fwadmin
~fwuser
~games
~gdm
getior
*.gif
*.gif/
.git
.gitignore
globals.inc
~gopher
grabbed.html
graphics
~guest
~halt
helloKona
helloWorld
~help
~helpdesk
.hg
htaccess
~.htaccess
.htaccess
.HTACCESS
.htaccess.bak
.htcfk.t6c
htdocs
htgroup
*.html
htpasswd
~htpasswd
.htpasswd
htpasswd.bak
htpasswd/htpasswd.bak
.htpasswrd
~http
HTTPClntClose
HTTPClntLogin
HTTPClntRecv
HTTPClntSend
httpd
httpd/logs/access_log
httpd/logs/access.log 
httpd/logs/error_log
httpd/logs/error.log 
httpd.pid
icons
.idea
~ident
iiop/ClientClose
iiop/ClientLogin
iiop/ClientRecv
iiop/ClientSend
images
.inc
index
index-bak
index.html
index.jsp
__index.php
_index.php
index.php~
index.php-bak
index.php.bak
info.php
info.txt
internal
invoker/JMXInvokerServlet
jmssender
jmstrader
jmx-console
*.jsp
*.jsp/
jspbuild
jsp-examples
*.jws
jwsdir
l0gs.txt
lilo.conf
_localhost.swo
log
~log
LogfileSearch
LogfileTail
login.jsp
Login.jsp
login.php
logins.txt
logon.php
logs
~logs
logs/access.log
logs/access.log 
logs/error_log
logs/error.log 
logs.txt
log.txt
~lp
.lst
~mail
~mailnull
manager
manager/deploy?path=foo
manager/html/
manifest.mf
MANIFEST.MF
manual
mapping
master.passwd
members.txt
.meta
META-INF
mrtg.cfg
.my
myadmin/accounts.txt
.my-bkp.
mydomain
myservlet
~mysql
mysqladmin/
MySQLadmin
MySQLAdmin
.my.swp
.my.tar
.netrc
~news
~nobody
~nobody/etc/passwd
~nscd
.nsx
~office
_old
.old
~operator
.org
.orig
.original
ospfd.conf
page
pass.dat
passes.txt
passlist
passlist.txt
pass.txt
passwd
~passwd
.passwd
passwd.bak
passwd.txt
password.html
password.log
passwords.html
passwords.txt
password.txt
passwrd
~passwrd
patient/login.do
patient/register.do
pazzezs.txt
pazz.txt
phf
phone
php
phpinfo
phpinfo.php
php.ini
php.ini~
phpmyadmin/
phpMyAdmin/
phpsecinfo
physican/login.do
PMA
~pop
portalAppAdmin/login.jsp
~postmaster
printenv
properties
proxy
psquare/x.jsp
public_html
pwd.db
pws.txt
pw.txt
.rar
~reception
robots.txt
Robots.txt
ROBOTS.txt
~root
~root/
~rpc
~rpcuser
.sav
.save
.saved
secring.bak
secring.pgp
secring.skr
server.cfg
server-info
server-status
servlet
servlet/default/
servletimages
servlet/mstrWebAdmin
servlet/org.apache.catalina.INVOKER.org.apache.catalina.servlets.DefaultServlet/tomcat.gif
servlet/org.apache.catalina.INVOKER.org.apache.catalina.servlets.SnoopAllServlet
servlet/org.apache.catalina.INVOKER.org.apache.catalina.servlets.WebdavServlet/
servlet/org.apache.catalina.servlets.DefaultServlet/
servlet/org.apache.catalina.servlets.DefaultServlet/tomcat.gif
servlet/org.apache.catalina.servlets.HTMLManagerServlet
servlet/org.apache.catalina.servlets.InvokerServlet/org.apache.catalina.servlets.DefaultServlet/tomcat.gif
servlet/org.apache.catalina.servlets.InvokerServlet/org.apache.catalina.servlets.SnoopAllServlet
servlet/org.apache.catalina.servlets.ManagerServlet
servlet/org.apache.catalina.servlets.SnoopAllServlet
servlet/org.apache.catalina.servlets.WebdavServlet/
servlets/
serv-u.ini
session
shared/
shared/lib/
*.shtml/
~shutdown
simpapp
SimpappServlet
simple
simpleFormServlet
sites.ini
slapd.conf
snoop
spwd.db
~sql
.sql
.sql.gz
~staff
~stat
stats
~stats
status
StockServlet
survey
.svn
.svnignore
.swo
.swp
~sync
~sys
system
~system
T3AdminMain
taglib-uri
.tar
.tar.gz
technico.txt
~temp
.temp
~test
test1.php
test2.php
test-cgi
test.php
~testuser
tmp
.tmp
_tmp_war
_tmp_war_DefaultWebApp
tomcat-docs
~toor
.tpl
.txt
uddi
uddiexplorer
uddilistener
uddi/uddilistener
unattend.txt
UniversityServlet
~user
~user1
~user2
~user3
~user4
~user5
usernames.txt
users.mdb
users.txt
utils
~uucp
~vagrant
.vb
vtund.conf
wand.dat
wcx_ftp.ini
web
~web
.web
web-console
web-console/Invoker
webdav
webdav/index.html
webdav/servlet/org.apache.catalina.servlets.WebdavServlet/
webdav/servlet/webdav/
WEB-INF
WEB-INF/
WEB-INF/classes/
WEB-INF/jboss-web.xml
WEB-INF/web.xml
WEB-INF./web.xml
weblogic
weblogic.properties
weblogic.xml
webserevr.ini
webservice
WebServiceServlet
webshare
web.xml
win.ini
WLDummyInitJVMIDs
wliconsole
wl_management
wl_management_internal1
wl_management_internal1/LogfileSearch
wl_management_internal1/LogfileTail
wl_management_internal2
wl_management_internal2/Admin
wl_management_internal2/Bootstrap
wl_management_internal2/FileDistribution
wl_management_internal2/wl_management
wlserver
ws_ftp.ini
wvdial.conf
~www
wwwboard/passwd.txt
~xfs
xmlrpc.php
zebra.conf
.zip
